JWlink Version 1.9beta 13
Portions Copyright (c) 1985-2002 Sybase, Inc. All Rights Reserved.
Created on:       25/10/03 19:30:58
Executable Image: Build\Release\JWasm.exe
creating a PE executable


                        +------------+
                        |   Groups   |
                        +------------+

Group                           Address              Size
=====                           =======              ====

.rdata                          0043d000             0000c6f8
DGROUP                          0044a000             0000dc20



                        +--------------+
                        |   Segments   |
                        +--------------+

Segment                Class          Group          Address         Size
=======                =====          =====          =======         ====

BEGTEXT                CODE           AUTO           00401000        00000007
_TEXT                  CODE           AUTO           00401010        0003b1cf
TRANSFER CODE          CODE           AUTO           0043c1e0        0000000a
CONST                  CONST          .rdata         0043d000        00003e74
CONST2                 CONST          .rdata         00440e74        00008360
.idata                 CONST          .rdata         004491d4        00000524
_NULL                  BEGDATA        DGROUP         0044a000        00000004
_AFTERNULL             BEGDATA        DGROUP         0044a004        00000000
_DATA                  DATA           DGROUP         0044a004        00003aa8
XIB                    DATA           DGROUP         0044daac        00000000
XI                     DATA           DGROUP         0044daac        00000036
XIE                    DATA           DGROUP         0044dae2        00000000
YIB                    DATA           DGROUP         0044dae2        00000000
YI                     DATA           DGROUP         0044dae2        0000001e
YIE                    DATA           DGROUP         0044db00        00000000
TIB                    DATA           DGROUP         0044db00        00000000
TI                     DATA           DGROUP         0044db00        00000000
TIE                    DATA           DGROUP         0044db00        00000000
DATA                   DATA           DGROUP         0044db00        00000000
_BSS                   BSS            DGROUP         0044db00        0000a120


                        +----------------+
                        |   Memory Map   |
                        +----------------+

* = unreferenced symbol
+ = symbol only referenced locally
s = symbol is static

Address        Symbol
=======        ======

00001234       __DOSseg__
00401003       ___begtext
00401010s      genfailure_
00401030       main_
004011b5       _CharUpperA@4
004011e5       ConvertSectionName_
004012f4       OutputByte_
00401385       FillDataBytes_
004013ae       OutputBytes_
00401470       SetCurrOffset_
004014fas      WriteModule_
0040162bs      is_valid_identifier_
0040168as      add_cmdline_tmacros_
00401782s      add_incpaths_
0040179bs      CmdlParamsInit_
004017c6       WritePreprocessedLine_
00401822       SetMasm510_
004018a3s      ModulePassInit_
00401a54s      PassOneChecks_
00401c33s      OnePass_
00401dces      get_module_name_
00401e85s      ModuleInit_
00401f25s      ReswTableInit_
00401f67s      open_files_
0040200a       close_files_
004020c8s      GetExt_
0040210es      SetFilenames_
004022d8s      AssembleInit_
0040231fs      AssembleFini_
0040235b       AssembleModule_
00402576       SetSegAssumeTable_
00402599       GetSegAssumeTable_
004025bc       SetStdAssumeTable_
00402636       GetStdAssumeTable_
004026ae       AssumeSaveState_
004026e5       AssumeInit_
00402784       ModelAssumeInit_
00402830       GetStdAssume_
00402853       GetStdAssumeEx_
0040285b       AssumeDirective_
00402cce       search_assume_
00402da5       GetOverrideAssume_
00402dc1       GetOfssizeAssume_
00402dfb       GetAssume_
00402e8c       atofloat_
00402fe1s      DoPatch_
004031ab       BackPatch_
00403214s      CalcOffset_
00403411s      GetSegRelocs_
004034e0s      GetImageSize_
00403562s      DoFixup_
00403bb2s      pe_create_MZ_header_
00403c7bs      set_file_flags_
00403ca6       pe_create_PE_header_
00403ddes      IsStdCodeName_
00403e1es      pe_create_section_table_
00403fdcs      compare_exp_
00403fe5s      pe_emit_export_data_
00404254s      pe_emit_import_data_
00404748s      get_bit_
0040475bs      pe_get_characteristics_
004047ebs      pe_set_base_relocs_
0040492es      pe_finish_section_
00404975s      pe_lnkcmd_subsystem_
004049das      pe_lnkcmd_base_
00404a83s      pe_lnkcmd_fixed_
00404a8as      pe_lnkcmd_fixedno_
00404a91s      pe_lnkcmd_largeaddressaware_
00404a98s      pe_lnkcmd_largeaddressawareno_
00404a9fs      pe_lnkcmd_dll_
00404aa6s      pe_scan_linker_directives_
00404bc9s      pe_set_values_
00405310s      pe_enddirhook_
00405333s      bin_write_module_
004059f8s      bin_check_external_
00405a2e       bin_init_
00405a8fs      jumpExtend_
00405b1es      FarCallToNear_
00405b4b       process_branch_
00406410s      SetCpuCmdline_
0040644cs      queue_item_
004064c0s      get_fname_
004065f1s      set_option_n_name_
0040665fs      Set_c_
00406681s      Set_Cp_
0040668bs      Set_Cu_
00406695s      Set_Cx_
004066a2s      Set_Zd_
004066aas      Set_Zi_
004066dfs      Set_Zp_
0040671ds      Set_D_
00406730s      Set_Fi_
0040673bs      Set_I_
00406743s      Set_e_
0040674es      Set_nologo_
00406756s      Set_q_
00406763s      Set_EP_
0040676cs      Set_Fd_
00406786s      Set_Fw_
00406799s      Set_Fl_
004067b3s      Set_Fo_
004067bbs      Set_fp_
004067cfs      Set_FPx_
004067das      Set_G_
004067e5s      Set_Sa_
004067f9s      Set_True_
00406808s      Set_m_
00406813s      Set_n_
00406826s      Set_WX_
0040682es      Set_w_
00406838s      Set_W_
00406856s      Set_ofmt_
0040686es      Set_zcm_
00406876s      Set_zf_
00406881s      Set_zt_
0040688cs      Set_h_
0040689bs      GetNameToken_
00406940s      ReadRspFile_
004069fcs      getnextcmdstring_
00406a5cs      GetNumberArg_
00406a83s      ProcessOption_
00406c5c       ParseCmdline_
00406e38       CmdlineFini_
00406ea6s      output_opc_
00407512s      output_data_
0040775ds      check_3rd_operand_
00407823s      output_3rd_operand_
004078bcs      match_phase_3_
00407cb8s      check_operand_2_
00407db2       codegen_
00407f3cs      Coff_AllocString_
00407f9cs      GetLinnumItems_
00407faes      coff_write_section_table_
00408319s      CoffGetType_
00408328s      CoffGetClass_
00408364s      GetFileAuxEntries_
004083b0s      InitCRC32_
004083e8s      CRC32Comdat_
00408423s      coff_write_symbols_
00408e7bs      GetStartLabel_
00408f87s      coff_flushfunc_
00409029s      SetSymbolIndices_
00409177s      coff_write_fixups_
004093a6s      coff_write_data_
00409631s      coff_create_drectve_
00409a26s      coff_write_module_
00409d0c       coff_init_
00409d17       conditional_assembly_prepare_
00409e38s      check_defd_
00409e53s      check_blank_
00409e70s      check_dif_
00409e9f       CondAsmDirective_
0040a2e4s      GetErrText_
0040a35b       ErrorDirective_
0040a849       CondCheckOpen_
0040a863       GetIfNestLevel_
0040a869       SetIfNestLevel_
0040a86f       CondInit_
0040a883       ContextDirective_
0040ac24       ContextSaveState_
0040ac88s      ContextRestoreState_
0040ad01       ContextInit_
0040ad06s      FindToken_
0040ad37s      AddPredefinedConstant_
0040ad4cs      SetDefaultOfssize_
0040ad63s      SetModel_
0040af38       ModelDirective_
0040b158       SetCPU_
0040b358       CpuDirective_
0040b393s      InitializeArray_
0040b619s      InitStructuredVar_
0040bb11s      little_endian_
0040bb46s      output_float_
0040bbcds      data_item_
0040c7e5s      checktypes_
0040c829       data_dir_
0040cc43s      GetTyperef_
0040cddds      GetCVStructLen_
0040ce54s      PadBytes_
0040ce7bs      cv_write_bitfield_
0040cef1s      cv_write_array_type_
0040cfc7s      cv_write_ptr_type_
0040d0e4s      cv_cntproc_
0040d176s      cv_memberproc_
0040d2b6s      cv_enum_fields_
0040d36bs      cv_write_type_procedure_
0040d445s      cv_write_type_
0040d71as      cv_get_register_
0040d786s      cv_get_x64_regno_
0040d7bbs      cv_write_symbol_
0040e14c       cv_write_debug_tables_
0040e467+      StubDir_
0040e46a+      EchoDirective_
0040e496+      IncludeDirective_
0040e532s      IncludeLibrary_
0040e5a2+      IncludeLibDirective_
0040e62f+      IncBinDirective_
0040e859+      AliasDirective_
0040e9e7+      NameDirective_
0040ea66+      RadixDirective_
0040eb1f+      SegOrderDirective_
0040eba1s      ElfConvertSectionName_
0040ec63s      get_num_reloc_sections_
0040ec86s      set_symtab32_
0040ee66s      set_symtab64_
0040f061s      set_symtab_values_
0040f238s      set_shstrtab_values_
0040f42bs      get_relocation_count_
0040f441s      Get_Alignment_
0040f45cs      elf_write_section_table32_
0040f7c7s      elf_write_section_table64_
0040fb9ds      write_relocs32_
0040fc86s      write_relocs64_
0040fdcbs      elf_write_data_
0040ff11s      elf_write_module_
0041014a       elf_init_
0041015c       StartupExitDirective_
0041039a       EndDirective_
004105d9s      SetValue_
004106c9s      CreateAssemblyTimeVariable_
00410962       EqualSgnDirective_
004109a8       CreateVariable_
00410a55       CreateConstant_
00410e44       EquDirective_
00410e8a       write_logo_
00410ec6       PrintUsage_
00410f25s      PutMsg_
00411097s      PrtMsg_
0041112c       PrintNote_
00411146       EmitErr_
0041119b       EmitError_
004111a5       EmitWarn_
00411201       ErrnoStr_
00411235       Fatal_
00411276       WriteError_
0041128e       myltoa_
00411321s      SkipMacro_
00411352       RunMacro_
00412243s      AddTokens_
004122a6       ExpandText_
00412720s      ExpandTMacro_
004129f8s      RebuildLine_
00412b70s      ExpandToken_
00412ff8       ExpandLineItems_
004130a4       ExpandLiterals_
00413115       ExpandLine_
00413448s      init_expr_
004134b6s      get_precedence_
0041355ds      GetTypeSize_
004135b0s      GetRecordMask_
004135fb       myatoi128_
00413665s      get_operand_
00413da5s      check_both_
00413dbfs      index_connect_
00413e1fs      MakeConst_
00413e9as      MakeConst2_
00413f0bs      ConstError_
00413f36s      fix_struct_value_
00413f56s      check_direct_reg_
00413f6es      noEmitErr_
00413f77s      GetSizeValue_
00413fads      IsOffset_
00413fd9s      invalid_operand_
00413ffcs      sizlen_op_
0041417ds      type_op_
004144aas      opattr_op_
004146e9s      short_op_
0041473bs      seg_op_
0041478ds      offset_op_
00414828s      lowword_op_
00414871s      highword_op_
004148d0s      low_op_
00414919s      high_op_
0041495as      low32_op_
004149eds      high32_op_
00414a8as      this_op_
00414b1es      wimask_op_
00414bbfs      plus_op_
00414dafs      minus_op_
00415023s      struct_field_error_
0041503fs      dot_op_
0041532bs      colon_op_
004154e4s      positive_op_
00415541s      negative_op_
004155e5s      CheckAssume_
0041566ds      check_streg_
00415697s      cmp_types_
00415746s      calculate_
00416089s      PrepareOp_
004160f1s      OperErr_
0041611cs      evaluate_
004164f0s      is_expr_item_
004165b6       EvalOperand_
0041661f       EmitConstError_
0041665b       ExprEvalInit_
0041666ds      CreateExternal_
004166c3s      CreateComm_
00416713s      CreateProto_
004167f4       ExterndefDirective_
00416b7c       ProtoDirective_
00416be2       MakeExtern_
00416c3es      HandleAltname_
00416d2d       ExternDirective_
004170e6s      MakeComm_
00417161       CommDirective_
00417415       AddPublicData_
00417424       FreePubQueue_
0041742c       PublicDirective_
0041760bs      SaveState_
0041766e       StoreLine_
004177b1       DefSavedState_
004177d6       SkipSavedState_
004177de       SaveVariableState_
0041783d       RestoreState_
004178cb       ListGetItem_
004178eb       ListNextGenCode_
00417932       ListAddItem_
004179a9       ListUpdateItem_
004179ca       ListAddSubItem_
00417a3a       ListUpdateSubItem_
00417a83       ListFlushAll_
00417ac3       FastpassInit_
00417aea       FixupCreate_
00417ba4       FixupRelease_
00417bc6       SetFixupFrame_
00417c21       store_fixup_
00417d4b       AddFloatingPointEmulationFixup_
00417ec7s      GetCOp_
00418021s      RenderInstr_
00418103s      GetLabelStr_
00418115s      RenderJcc_
00418159s      GetToken_
004181b3s      GetSimpleExpression_
0041857fs      InvertJump_
0041863cs      ReplaceLabel_
004186a9s      GetAndExpression_
004188d1s      GetExpression_
00418b13s      QueueTestLines_
00418b54s      EvaluateHllExpression_
00418c24s      CheckCXZLines_
00418cf8       HllStartDir_
00418f63       HllEndDir_
004191b4       HllExitDir_
00419431       HllCheckOpen_
0041944e       HllInit_
00419456       GetFNamePart_
00419479       GetExtPart_
004194a8s      AddFile_
0041956d       GetFName_
0041957bs      FreeFiles_
00419599       ClearSrcStack_
004195d9       UpdateLineNumber_
004195f7       GetLineNumber_
0041960es      my_fgets_
004196aas      PushSrcItem_
004196e8       PushMacro_
004196f7       get_curr_srcfile_
00419715       set_curr_srcfile_
00419734       SetLineNumber_
00419741       GetCurrSrcPos_
0041979c       print_source_nesting_structure_
0041986es      open_file_in_include_path_
00419981       SearchFile_
00419aec       GetTextLine_
00419bf4       AddStringToIncludePath_
00419cf9       PushInputStatus_
00419db1       PopInputStatus_
00419e2f       InputInit_
00419ea4       InputPassInit_
00419ec8       InputFini_
00419ee5s      ms32_fcstart_
00419f2es      ms32_fcend_
00419f2fs      ms32_param_
0041a08es      ms64_fcstart_
0041a103s      ms64_fcend_
0041a11ds      ms64_param_
0041a9cas      GetSegmentPart_
0041ab57s      watc_fcstart_
0041ab5fs      watc_fcend_
0041aba3s      watc_param_
0041ae62s      SkipTypecast_
0041aef5s      PushInvokeParam_
0041c66d       InvokeDirective_
0041cbc1       LabelInit_
0041cbc9       GetAnonymousLabel_
0041cbe5       CreateLabel_
0041ce03       LabelDirective_
0041cfabs      AddLinnumData_
0041d00b       AddLinnumDataRef_
0041d2ae       QueueDeleteLinnum_
0041d2b6       LinnumFini_
0041d2d3       LinnumInit_
0041d2e0s      LstNL_
0041d30a       LstWrite_
0041dc1d       LstWriteSrcLine_
0041dc30       LstPrintf_
0041dc4es      get_seg_align_
0041dcc1s      get_seg_combine_
0041dcf6s      log_macro_
0041dd38s      SimpleTypeString_
0041dd93s      GetMemtypeString_
0041df2es      GetLanguage_
0041df44s      log_struct_
0041e0cds      log_record_
0041e1ees      log_typedef_
0041e3a5s      log_segment_
0041e458s      log_group_
0041e4bds      get_proc_type_
0041e508s      get_sym_seg_name_
0041e51bs      log_proc_
0041e939s      log_symbol_
0041eb40s      LstCaption_
0041eb64s      compare_syms_
0041eb73       LstWriteCRef_
0041edc4       ListingDirective_
0041efe7       ListMacroDirective_
0041f015       LstInit_
0041f078       LoopDirective_
0041f67b       DeleteLineQueue_
0041f697       AddLineQueue_
0041f6fc       AddLineQueueX_
0041f84f       RunLineQueue_
0041f8d2s      HexDigit_
0041f8e6       fill_placeholders_
0041f9e4s      replace_parm_
0041fa99s      store_placeholders_
0041fc86       StoreMacro_
0042049c       CreateMacro_
004204f6       ReleaseMacroData_
00420552       MacroDir_
00420622       PurgeDirective_
004206b3s      EnvironFunc_
00420704       MacroInit_
00420775s      VoidMangler_
0042079es      UCaseMangler_
004207c7s      UScoreMangler_
004207f5s      StdcallMangler_
00420825s      ms32_decorate_
0042084cs      ow_decorate_
004208d1s      ms64_decorate_
004208f6       Mangle_
0042095d       SetMangler_
00420966       MemInit_
00420973       MemFini_
0042099b       LclAlloc_
00420a21       MemAlloc_
00420a3f       MemFree_
00420a44s      MsgGet_
00420aa4       MsgGetEx_
00420aaes      omf_InitRec_
00420acas      timet2dostime_
00420b3as      Put16_
00420b4cs      Put32_
00420b5ds      PutIndex_
00420b9es      PutData_
00420bc6s      PutName_
00420be0       omf_GetGrpIdx_
00420beb       omf_OutSelect_
00420d01s      omf_write_linnum_
00420db3s      omf_write_fixupp_
00420e63s      omf_write_ledata_
00421027       omf_FlushCurrSeg_
00421050s      omf_write_theadr_
0042109d       omf_check_flush_
00421143s      omf_end_of_pass1_
00421175       omf_set_filepos_
0042118cs      omf_write_dosseg_
004211b7s      omf_write_lib_
00421202s      omf_write_export_
00421316s      omf_write_grpdef_
004213c5s      get_omfalign_
004213eds      omf_write_segdef_
00421559s      omf_write_lnames_
004216a4s      GetExt_
00421728s      omf_write_extdef_
00421920s      get_size_of_comdef_number_
0042194ds      put_comdef_number_
004219a1s      omf_write_comdef_
00421bdes      GetFileTimeStamp_
00421bfds      omf_write_autodep_
00421cd5s      omf_write_alias_
00421dbds      omf_write_pubdef_
00421fbas      omf_write_modend_
00422035s      omf_cv_flushfunc_
00422066s      omf_write_header_dbgcv_
004220e8s      omf_write_debug_tables_
00422139s      omf_write_module_
004221bcs      omf_write_header_initial_
004222ac       omf_init_
004222e6s      putIndex_
0042230cs      putFrameDatum_
00422317s      TranslateLogref_
0042238a       OmfFixGenFixModend_
00422414s      omf_set_logref_
0042256d       OmfFixGenFix_
00422697s      safeWrite_
004226b8s      WEndRec_
00422709s      PutIndex_
00422741s      PutWord_
00422750s      PutDword_
0042275es      PutMem_
004227a9s      writeMisc_
004227a9s      writeTheadr_
004227cfs      writeMisc32_
004227e6s      writeComent_
0042281ds      writeSegdef_
004228d6s      writeLedata_
00422927s      writeModend_
00422983s      PutBase_
004229bas      writePubdef_
004229dfs      writeLinnum_
00422a0bs      writeComdat_
00422aabs      writeLinsym_
00422ad6s      writeUnexp_
00422aed       omf_write_record_
00422b1cs      SetDotName_
00422b26s      SetNoDotName_
00422b30s      SetCaseMap_
00422bbfs      SetM510_
00422bccs      SetNoM510_
00422bd0s      SetScoped_
00422bdas      SetNoScoped_
00422be4s      SetOldStructs_
00422bees      SetNoOldStructs_
00422bf8s      SetEmulator_
00422c02s      SetNoEmulator_
00422c0cs      SetLJmp_
00422c16s      SetNoLJmp_
00422c20s      SetReadonly_
00422c29s      SetNoReadonly_
00422c43s      SetOldmacros_
00422c6ds      SetNoOldmacros_
00422c74s      SetExpr32_
00422c77s      SetNoSignExt_
00422c81s      SkipOption_
00422c9bs      SetNoKeyword_
00422d7es      SetLanguage_
00422de9s      SetSetIF2_
00422e38s      SetPrologue_
00422f05s      SetEpilogue_
00422fb9s      SetOffset_
00423030s      SetProc_
004230afs      SetSegment_
00423174s      SetFieldAlign_
004231f9s      SetProcAlign_
0042325fs      SetMZ_
004233bbs      SetFrame_
0042340bs      SetElf_
00423476s      SetRenameKey_
00423567s      SetWin64_
004235das      IncludeDll_
00423671s      SetDllImport_
004236ccs      SetCodeView_
0042370fs      SetStackBase_
004237aas      Unsupported_
004237be       OptionDirective_
0042389f       sym_add_table_
004238ce       sym_remove_table_
00423917       sym_ext2int_
00423952       GetLangType_
00423982       SizeFromRegister_
004239c0       SizeFromMemtype_
00423a6c       MemtypeFromSize_
00423ab1       OperandSize_
00423b68s      comp_mem16_
00423bb7s      check_assume_
00423c2es      seg_override_
00423d62       set_frame_
00423d7a       set_frame2_
00423d8bs      set_rm_sib_
0042412e       SetSegOverride_
004241dbs      idata_nofixup_
00424406       idata_fixup_
00424abfs      SetPtrMemtype_
00424bd8s      Set_Memtype_
00424d72s      memory_operand_
0042556bs      process_address_
004256e7s      process_const_
00425729s      process_register_
004259b0s      IsAccessible_
004259e6s      HandleStringInstructions_
00425cf1s      check_size_
00426578s      IsType_
0042658b       ParseLine_
00427108       ProcessFile_
0042715b       OrgDirective_
00427279s      fill_in_objfile_space_
0042732c       AlignCurrOffset_
00427355       AlignDirective_
004274ff       WriteCodeLabel_
004275a7       PreprocessLine_
00427747s      watc_pcheck_
004279b2s      watc_return_
00427a0bs      ms32_pcheck_
00427aeas      ms32_return_
00427b6ds      ms64_pcheck_
00427b6fs      ms64_return_
00427b70s      pushitem_
00427b8as      push_proc_
00427ba9s      pop_proc_
00427bb8s      popitem_
00427bc6       LocalDir_
00427e7f       UpdateStackBase_
00427eab       UpdateProcStatus_
00427ec5s      ParseParams_
004284c7       ParseProc_
00428c1e       CreateProc_
00428d36       DeleteProc_
00428d55       ProcDir_
004290be       CopyPrototype_
0042918cs      WriteSEHData_
00429468s      ProcFini_
004295f3       EndpDir_
00429650       ExcFrameDirective_
00429bc4       ProcCheckOpen_
00429bces      write_userdef_prologue_
00429e50s      win64_SaveRegParams_
00429ecds      write_win64_default_prologue_
0042a135s      write_default_prologue_
0042a450s      SetLocalOffsets_
0042a62a       write_prologue_
0042a6cbs      pop_register_
0042a70ds      write_win64_default_epilogue_
0042a870s      write_default_epilogue_
0042a9eas      write_userdef_epilogue_
0042ac3f       RetInstr_
0042ae9c       ProcInit_
0042af00       QEnqueue_
0042af1d       QAddItem_
0042af38s      get_hash_
0042af70       FindResWord_
0042afc9s      AddResWord_
0042b05es      RemoveResWord_
0042b0d2       RenameKeyword_
0042b232       Set64Bit_
0042b3e6       DisableKeyword_
0042b444       IsKeywordDisabled_
0042b48b       GetResWName_
0042b4d0       ResWordsInit_
0042b53d       ResWordsFini_
0042b5d1       SafeSEHDirective_
0042b6des      FindToken_
0042b70f       UpdateCurPC_
0042b76bs      FreeLnameQueue_
0042b76b       SegmentFini_
0042b7c8s      push_seg_
0042b804s      pop_seg_
0042b825s      UpdateCurrSegVars_
0042b86a       GetCurrOffset_
0042b87a       GetCurrSegAlign_
0042b8a1s      CreateGroup_
0042b94ds      CreateSegment_
0042b968       DeleteGroup_
0042b9ed       GrpDir_
0042bbec       UpdateWordSize_
0042bbf7       SetOfssize_
0042bc6bs      CloseSeg_
0042bccd       DefineFlatGroup_
0042bd1a       GetSegIdx_
0042bd25       GetGroup_
0042bd32       GetSymOfssize_
0042bd83       SetSymSegOfs_
0042bdb2       TypeFromClassName_
0042bf00s      FindClass_
0042bf3fs      CreateClassLname_
0042bf99s      SetSegmentClass_
0042bfb7       CreateIntSegment_
0042c072       EndsDir_
0042c0efs      SetCurrSeg_
0042c16as      UnlinkSeg_
0042c1ab       SegmentDir_
0042ca69       SortSegments_
0042cb71       SegmentModuleExit_
0042cbb2       SegmentInit_
0042cd73       SegmentSaveState_
0042cdc3       SimGetSegName_
0042cdce       GetCodeClass_
0042cddes      AddToDgroup_
0042ce20s      GetCodeGroupName_
0042ce4cs      close_currseg_
0042ce6cs      SetSimSeg_
0042cff0s      EndSimSeg_
0042d004       SimplifiedSegDir_
0042d2fb       SetModelDefaultSegNames_
0042d444       ModelSimSegmInit_
0042d52c       ModelSimSegmExit_
0042d540       TextItemError_
0042d589       CatStrDir_
0042d6f0       SetTextMacro_
0042d7d0       AddPredefinedText_
0042d7fd       SubStrDir_
0042da2f       SizeStrDir_
0042da98       InStrDir_
0042dc3fs      CatStrFunc_
0042dc98       GetNumber_
0042dd0as      InStrFunc_
0042ddb2s      SizeStrFunc_
0042dde9s      SubStrFunc_
0042dec4       StringInit_
0042e046s      hashpjw_
0042e072       SymSetCmpFunc_
0042e091       SymClearLocal_
0042e0a7       SymGetLocal_
0042e0da       SymSetLocal_
0042e11b       SymAlloc_
0042e1c9       SymFind_
0042e29d       SymLookup_
0042e2cd       SymLookupLocal_
0042e335s      free_ext_
0042e335       SymFree_
0042e399       SymAddLocal_
0042e40a       SymAddGlobal_
0042e43d       SymCreate_
0042e46f       SymLCreate_
0042e4a1       SymMakeAllSymbolsPublic_
0042e4cf       SymFini_
0042e4fa       SymInit_
0042e60c       SymPassInit_
0042e643       SymGetCount_
0042e649       SymGetAll_
0042e680       SymEnum_
0042e6a3s      cmp_u96_max_
0042e6d2s      add_check_u96_overflow_
0042e733s      bitsize32_
0042e74cs      bitsize64_
0042e773s      U96LD_
0042e838s      normalize_
0042e978s      add192_
0042e9f9s      multiply_
0042eb96s      TB_create_
0042ec43       strtotb_
0042ee19s      IsMultiLine_
0042ee90s      get_float_
0042ef38s      ConcatLine_
0042efe8s      get_string_
0042f436s      get_special_symbol_
0042f6b7s      get_number_
0042f8cas      get_id_in_backquotes_
0042f91fs      get_id_
0042fa99       GetToken_
0042fb59s      StartComment_
0042fbb0       Tokenize_
0042ff24       TypesInit_
0042ff31       CreateTypeSymbol_
0042ff8e       SearchNameInStruct_
00430043s      AreStructsEqual_
004300ac       StructDirective_
004303f1       EndstructDirective_
0043061cs      CheckAnonymousStruct_
0043068c       CreateStructField_
00430a47       AlignInStruct_
00430a78       UpdateStructSize_
00430aac       SetStructCurrentOffset_
00430adf       GetQualifiedType_
00430e63       TypedefDirective_
00431106       RecordDirective_
004315d4       DeleteType_
004315f0+      __null_int23_exit_
004315f0s      _null_exit_rtn_
004315f1       exit_
0043163f*      _exit_
00431660       getenv_
00431700s      __SetSignalFunc_
00431750s      __GetSignalFunc_
00431780s      __GetSignalOSCode_
004317b0s      __CheckSignalExCode_
004317d0s      _CtrlSignalHandler@4
00431830s      CtrlHandlerIsNeeded_
00431870s      StartCtrlHandler_
004318b0s      KillCtrlHandler_
004318f0s      __sigabort_
00431900       __sigfpe_handler_
00431950       signal_
004319e0+      raise_
00431a50s      __SigInit_
00431aa0s      __SigFini_
00431ae0s      __sig_init_
00431b00       _findfirst_
00431b60       __nt_finddata_cvt_
00431ba0       _findnext_
00431c00       _findclose_
00431c20       printf_
00431c38*      mainCRTStartup
00431c38       _cstart_
00431cd0+      __open_flags_
00431dd0s      __doopen_
00431ec0+      _fsopen_
00431f10       fopen_
00431f20s      close_file_
00431fa0*      freopen_
00432000       sprintf_
00432020       fwrite_
00432200       __doclose_
004322b0       __shutdown_stream_
004322d0       fclose_
00432320       __IsTable
00432430       stackavail_
00432448s      _init_stk
00432449*      __STK
0043244d*      __CHK
00432476       __STKOVERFLOW_
00432485       __GRO
004324a5*      __alloca_probe
004324c0       _strupr_
004324e0       strncpy_
00432510       memset_
00432530       __get_errno_ptr_
00432540       remove_
00432548       _setjmp_
00432581       longjmp_
00432610       clock_
00432630s      __clock_init_
00432640       rewind_
00432660       _stricmp_
00432699s      subject_seq_
00432824s      parse_float_
00432a08+      __Strtold_
00432b5c       strtod_
00432ca0       time_
00432cd0       _memicmp_
00432d20       strcmp_
00432e60s      med3_
00432eb0       qsort_
00433540s      __update_buffer_
00433570s      __reset_buffer_
00433590       fseek_
004336a0       ftell_
00433710       fread_
004338b8       __U8RS
004338d2*      __I8RS
004338ed       __U8LS
004338ed       __I8LS
00433910       __fill_buffer_
004339e0s      __filbuf_
00433a10       fgetc_
00433ad0s      mem_putc_
00433af0       vsprintf_
00433b10       fflush_
00433b20*      __I8M
00433b20       __U8M
00433b3c       __I8D
00433b91       __U8D
00433c20       strstr_
00433ca0       vfprintf_
00433cb0       memmove_
00433d10       malloc_
00433d10       _nmalloc_
00433e00       _nfree_
00433e00       free_
00433f00+      _localtime_
00433f60       localtime_
00433f78       _stat_
00433f80s      __padfile_
00433fe0       _chsize_
004340f0       memcmp_
00434170*      __threadid_
00434180s      __NullAccTDListRtn_
00434180s      __NullExitRtn_
00434180s      __sig_null_rtn_
00434180s      __NullAccessRtn_
00434180s      __NullAccHeapRtn_
00434180s      __NullAccIOBRtn_
00434190+      __NTInit_
004343b0+      __NTFini_
00434430       __NTMainInit_
00434490       __exit_
004344f0s      callit_
00434500       __InitRtns
00434550       __FiniRtns
004345b0       _mbterm_
004345e0       _mbsnextc_
00434610       _mbctoupper_
00434640       _mbsinc_
00434670s      __SingleThread_
0043468b*      abort_
0043469a       __terminate_
004346a9*      __get_errno_
004346b3       __set_errno_
004346c1*      __set_EINVAL_
004346d4*      __set_EDOM_
004346e2       __set_ERANGE_
00434ca0s      _my_GetActiveWindow_
00434cf0s      fmt_hex_
00434d50+      ___ReportException@4
00435180       __DefaultExceptionHandler_
004351c0+      ___ExceptionFilter
004353d0       __NewExceptionFilter_
00435400       __DoneExceptionFilter_
00435433s      __null_FPE_rtn
00435440       __fixed_FindFirstFileA_
00435470       __NTFindNextFileWithAttrA_
004354a0       __set_errno_dos_
004354d0*      __set_errno_dos_reterr_
004354e0       __set_errno_nt_
004354f0*      __set_errno_nt_reterr_
00435510       __NT_filetime_to_timet_
00435530       strcpy_
00435550       __fixed_FindNextFileA_
00435580s      file_putc_
004355a0       __fprtf_
00435660       __NTMain
004356b0s      _SplitParms_
004357b0s      _getargv_
00435860       __Init_Argv_
004358b0       __Fini_Argv_
004358c0       tolower_
004358d0s      __sopen_
00435ab0*      open_
00435ae0       _sopen_
00435b00       __chktty_
00435b40       __freefp_
00435b80       __purgefp_
00435bb0       __allocfp_
00435c70       __qwrite_
00435d50       __ioalloc_
00435df0       memcpy_
00435e10       __flush_
00435e10*      __clib_flush_
00435f10       fputc_
00435ff0       __lseek_
00436040       __close_
004360a0*      __exit_with_msg_
00436100       __fatal_runtime_error_
00436120       __STOSB
0043615a*      __STOSD
004361d0       unlink_
004361f0s      default_handler_
004361f1s      xdigit2bin_
0043620a       __ZXBuf2LD_
004362dc       __ZBuf2LD
00436340s      Norm
0043637fs      CalcScaleFactor_
004363e0s      _do_LDScale10x_
0043645e       _LDScale10x_
004364a4s      DoFFormat_
004366cfs      DoEFormat_
00436a05*      __cvtld_
00436a05       __LDcvt_
004370f6*      ___f_infinity
004370fa*      ___f_posqnan
004370fe       ___d_infinity
00437106       ___d_posqnan
0043710e*      ___ld_infinity
00437116*      ___ld_posqnan
00437120       __HugeValue
00437130       __setEFGfmt_
00437150s      __save_8087_
00437160s      __rest_8087_
00437170*      _fpreset_
004371b0       __chk8087_
004371c0*      __init_8087_
004371e0       __getctime_
00437250       mktime_
004372e0       lseek_
00437330       _tell_
00437350       __qread_
004373c0       __flushall_
00437400       flushall_
00437410       getche_
00437440s      evalflags_
004374a0s      getprintspecs_
00437620s      far_strlen_
00437640s      far_alt_strlen_
004376b0s      fmt4hex_
00437710s      FixedPoint_Format_
00437800s      SetZeroPad_
00437840s      write_wide_string_
004378a0s      formstring_
00437ec0       __prtf_
00438110       __InitFiles_
004381a0s      docloseall_
00438210*      fcloseall_
00438220       __full_io_exit_
00438230       memchr_
00438250       strlen_
00438270       strchr_
00438290       __MemAllocator
00438340       __MemFree
00438480       __nmemneed_
00438490s      __LinkUpNewNHeap_
00438510s      __AdjustAmount_
00438560s      __GetMemFromSystem_
00438580s      __CreateNewNHeap_
004385d0       __ExpandDGROUP_
00438660*      __DontCacheOSTZ_
00438670*      __CacheOSTZ_
00438690s      parse_sign_
004386c0s      parse_time_
004386e0s      parse_number_
00438710s      parse_name_
004387a0s      parse_offset_
00438810s      parse_rule_
004388e0s      fix_rule_
00438920s      parse_rule_OS2_
00438a30s      parse_OS2_
00438ae0+      __parse_tz_
00438be0s      tryOSTimeZone_
00438df0       tzset_
00438e20s      __DaysToJan1_
00438e60       __brktime_
00438f60+      _gmtime_
00438f80*      gmtime_
00438fa0s      calc_yday_
00439090s      check_order_
004390e0       __isindst_
004393e0s      time_less_
00439422s      at2mode_
00439515       stat_
004396c0s      zero_pad_
00439880s      os_write_
004398c0       write_
00439b20       __GetIOMode_
00439b40       __SetIOMode_
00439b60+      __growPOSIXHandles_
00439c00       __allocPOSIXHandle_
00439cb0       __freePOSIXHandle_
00439cd0       __getOSHandle_
00439ce0       __setOSHandle_
00439d30+      __NTGetFakeHandle_
00439dc0       __initPOSIXHandles_
00439df0s      __init_STD_POSIXHandle_
00439e10s      __finiPOSIXHandles_
00439e80*      __set_handles_
00439e90*      _grow_handles_
00439ed0       __lib_GetModuleFileNameW_
00439f70*      strdup_
00439f70       __clib_strdup_
00439f9b       __clib_wcsdup_
00439f9b*      wcsdup_
00439fc2       iswspace_
00439ff0       __init_stack_limits_
0043a070       __setenvp_
0043a140       __freeenvp_
0043a1a0       _ismbblead_
0043a1b0s      __mbInitOnStartup_
0043a1c0       _mbvtop_
0043a1e0       ___Alphabet
0043a220       __NTRealKey_
0043a250s      initConsoleHandles_
0043a2d0       __NTConsoleInput_
0043a2e0       __NTConsoleOutput_
0043a2f0       _ClearFPE_
0043a300       __set_doserrno_
0043a310*      __get_doserrno_
0043a320*      __get_doserrno_ptr_
0043a330       __InitThreadData_
0043a360       __CMain
0043a3a0*      __GetNTCreateAttr_
0043a3e0       __GetNTAccessAttr_
0043a410       __GetNTShareAttr_
0043a470       isatty_
0043a490       fsync_
0043a4e0       __EnterWVIDEO_
0043a506       __LDClass_
0043a556*      _FLClass_
0043a570       ultoa_
0043a5c0       ltoa_
0043a620s      _no_support_loaded_
0043a630       _EFG_Format_
0043a81f       __cnvs2d_
0043a830s      _do_nothing_
0043a834       __x87id
0043a870       __local_mktime_
0043a9b0s      do_getch_
0043aab0       getch_
0043ab20       putch_
0043ab70       wctomb_
0043abb0+      utoa_
0043ac00       itoa_
0043ac30       ulltoa_
0043ac90*      lltoa_
0043acc0*      _heapshrink_
0043acc0*      _nheapshrink_
0043ace0s      __ReturnMemToSystem_
0043ad00       __nheapshrink_
0043ad50*      _heapenable_
0043ad80       ___diyr
0043ad9a       ___dilyr
0043adc0       __leapyear_
0043ae00       wcstombs_
0043ae90       _mbspbrk_
0043aee0       getcwd_
0043af70s      _sys_fullpath_
0043afe0       _fullpath_
0043b050*      _nrealloc_
0043b050       realloc_
0043b0c0       __grow_iomode_
0043b170s      __shrink_iomode_
0043b1b0       __SetIOMode_grow_
0043b20a       wcslen_
0043b240       __ParsePosixHandleStr_
0043b340       clearenv_
0043b407s      clear_dbcs_table_
0043b42es      set_dbcs_table_
0043b472       __mbinit_
0043b540       __CommonInit_
0043b550       __get_rt_control_ptr_
0043b560       __UnlinkNHeap_
0043b5c0       _mbschr_
0043b620*      _msize_
0043b620       _nmsize_
0043b630*      _expand_
0043b630       _nexpand_
0043b660       __ChkTTYIOMode_
0043b6a0s      radix_value_
0043b6f0s      _stol_
0043b8b0       strtoul_
0043b8c0       strtol_
0043b8d0s      __alt_env_update_
0043b910s      __os_env_update_
0043b9d0       putenv_
0043ba00       _mbclen_
0043ba20       _mbccmp_
0043ba60       __HeapManager_expand_
0043bba0       __lib_cvt_mbstowcs_errno_
0043bc00       __wputenv_
0043bc60       _mbslen_
0043bc90       __os_env_update_narrow_
0043bcb0       __putenv_
0043bd40       mbstowcs_
0043bdc0s      wfindenv_
0043be80       __wfindenvadd_
0043bf00       __wfindenvdel_
0043bf20s      findenv_
0043c080       __findenvadd_
0043c130       __findenvdel_
0043c150       mbtowc_
0043c1cf       towupper_
00440e74s      _formatoptions
00440ea4s      _cst
00440ed4s      _stt
00440ed8s      _searchtab
00440edes      _szError
00440ee4s      _szNothing
00440eec       _szDgroup
00440ef4s      _mzdata
00440efcs      _szCaption
00440f08s      _szCaption2
00440f48s      _szSep
00440f8as      _szHeader
00440f93s      _szSegLine
00440fabs      _szTotal
00440fbbs      _dosseg_order
00440fc1s      _flat_order
00440fcbs      _hdrattr
00440fdds      _edataname
00440fe4s      _edataattr
0044100cs      _idataname
00441014s      _idataattr
0044103cs      _mzcode
004410f0s      _pe32def
004411e8s      _pe64def
004412f0s      _linkcmds
00441328s      _cpuoption
0044133es      _cmdl_options
00441718       _szNull
0044171fs      _sr_prefix
00441728s      _SymDebName
00441730s      _szdrectve
00441739s      _isFeat00
0044174cs      _typetab
00441752s      _contextnames
0044176c       _ModelToken
00441788s      _ModelAttr
00441798s      _ModelAttrValue
004417a0+      _coff64_fmtopt
004417ac+      _elf64_fmtopt
004417b8s      _cv_idx_type
004417bas      _cv_void
004417bcs      _cv_abs_type
004417c1s      _reg64
004417cc       _directive_tab
004418a4s      _internal_segparms
004418bcs      _cst
004418ecs      _StartupDosNear0
0044194cs      _StartupDosNear1
00441984s      _StartupDosFar
00441994s      _ExitOS2
004419b4s      _ExitDos
004419c4s      _szStartAddr
004419d0       _maxintvalues
004419e8       _minintvalues
00441a00s      _usage
00442578s      ___digits
00442588s      _unaryop
004425e0s      _szCOMM
004425e8s      _patchmask
004425eas      _patchchr2
004425f4s      _flaginstr
004425f9s      _unsigned_cjmptype
004425ffs      _signed_cjmptype
00442605s      _neg_cjmptype
0044260cs      _fastcall_tab
00442630s      _regax
00442636s      _ms16_regs
0044263cs      _ms32_regs
00442640s      _ms64_regs
00442660s      _dots
00442681s      _szFmtProcStk
004426a1s      _strings
004427a1s      _szCount
004427a7s      _maccap
004427ads      _strcap
004427b3s      _reccap
004427b9s      _tdcap
004427bfs      _segcap
004427c5s      _prccap
004427cbs      _cr
00442820s      _fcmanglers
0044282cs      _msgtexts
00442ca8       _szCVCompiler
00442cb4s      _SymDebParm
00442cc4s      _myFuncs
00442cf4s      _func_index
00442d1cs      _optiontab
00442e4cs      _NopList16
00442e53s      _NopList32
00442e70s      _NopList64
00442e8ds      _NopLists
00442e9cs      _ms32_regs16
00442ea2s      _ms32_regs32
00442ea6s      _ms32_maxreg
00442eaes      _watc_regs8
00442eb6s      _watc_regs16
00442ebes      _watc_regs32
00442ec6s      _watc_regs_qw
00442eces      _ms64_regs
00442ed6s      _win64_nvgpr
00442ed8s      _win64_nvxmm
00442edas      _fastcall_tab
00442ef2       _stackreg
00442ef8s      _fmtstk0
00442f00s      _fmtstk1
00442f08       _InstrTable
004454b8       _SpecialTable
00446634       _opnd_clstab
00446e80s      _resw_strings
00448d25       _vex_flags
00448e21s      _patchtab64
00448e2ds      _patchtab32
00448e37s      _patchtabr
00448e7cs      _SegAttrToken
00448ee8s      _SegAttrValue
00448f1es      _min_cpu
00448f24s      _SegmNamesDef
00448f40s      _SegmClass
00448f5cs      _SegmCombine
00448f78s      _tmtab
00448fc0s      _eqtab
00449000s      _tab_plus_exp
004490d0s      _tab_minus_exp
004491a0s      _stokstr1
004491b0s      _stokstr2
004491b8s      _szStructure
004491c2s      _szRecord
004491c9s      _szNonUnique
0044a000*      __nullarea
0044a008       _Options
0044a06c       _DefaultDir
0044a07cs      _rspidx
0044a084       _banner_printed
0044a08c       _optable_idx
0044a84c       _ResWordTable
0044d2f4s      _renamed_keys
0044d2fcs      _Removed
0044d300s      _b64bit
0044d304+      ___int23_exit
0044d308+      ___FPE_handler_exit
0044d30cs      __SignalTable
0044d374s      _CtrlHandlerRunning
0044d388       _fltused_
0044d38c       __8087
0044d38d       __real87
0044d390       ___iob
0044d598       ___nheapbeg
0044d59c       ___MiniHeapRover
0044d5a0       ___LargestSizeB4MiniHeapRover
0044d5a4*      ___TlsIndex
0044d5a8       __AccessFileH
0044d5ac       __ReleaseFileH
0044d5b0       __AccessIOB
0044d5b4       __ReleaseIOB
0044d5b8       __AccessNHeap
0044d5bc*      __AccessFHeap
0044d5c0       __ReleaseNHeap
0044d5c4*      __ReleaseFHeap
0044d5c8*      __AccessTDList
0044d5cc*      __ReleaseTDList
0044d5d0       __AccessFList
0044d5d4       __ReleaseFList
0044d5d8+      __ThreadExitRtn
0044d5dc       ___sig_init_rtn
0044d5e0       ___sig_fini_rtn
0044d5e4       ___process_fini
0044d5e8       ___FirstThreadData
0044d5ec       ___GetThreadPtr
0044d5f0       ___abort
0044d5f4       ___oscode_check_func
0044d5f8       ___raise_func
0044d5fc*      __dynend
0044d600       __curbrk
0044d604       __LpCmdLine
0044d608       __LpPgmName
0044d60c       __LpDllName
0044d610       __LpwCmdLine
0044d614       __LpwPgmName
0044d618       __LpwDllName
0044d61c*      __STACKLOW
0044d620       __STACKTOP
0044d624       __ASTACKSIZ
0044d628       __ASTACKPTR
0044d62c       __cbyte
0044d630*      __cbyte2
0044d634*      __child
0044d638       __no87
0044d639       __Envptr
0044d63d       __osmajor
0044d63e       __osminor
0044d63f       __osbuild
0044d641       __osver
0044d645       __winmajor
0044d649       __winminor
0044d64d       __winver
0044d651       ___FPE_handler
0044d658s      _xlat
0044d75c       __commode
0044d760       __fmode
0044d764       ___longjmp_handler
0044d768s      _LDPowTable
0044d810       ___start_dst
0044d834       ___end_dst
0044d858s      _stzone
0044d8d9s      _dtzone
0044d95c*      _tzname
0044d964       _timezone
0044d968       _daylight
0044d96c       ___dst_adjust
0044d970s      _tzFlag
0044d974       ___NFiles
0044d978       ___init_mode
0044d9c8       ___io_mode
0044d9cc+      ___NHandles
0044d9d0s      ___FakeHandles
0044d9d4s      ___OSHandles
0044d9d8s      ___topFakeHandle
0044d9e0s      _console_in
0044d9e4s      _console_out
0044d9e8       ___ThreadDataSize
0044d9ec       ___umaskval
0044d9f0+      __WD_Present
0044d9f4       ___EFG_printf
0044d9f8       ___EFG_scanf
0044d9fc       __8087cw
0044da00       ___Save8087
0044da04       ___Rest8087
0044da0c       __amblksiz
0044da10       ___heap_enabled
0044da14       ___MBCodePage
0044da18s      ___rt_control
0044da1cs      _nearly_overflowing
0044daa8       ___IsDBCS
0044daac       __Start_XI
0044daacs      ___anon300
0044dab2s      ___anon52
0044dabes      ___anon61
0044dac4s      ___anon45
0044dad0s      ___anon57
0044dad6s      ___anon44
0044dadcs      ___anon60
0044dae2       __End_XI
0044dae2s      ___anon53
0044dae2       __Start_YI
0044dae8s      ___anon58
0044daees      ___anon50
0044daf4s      ___anon226
0044dafas      ___anon97
0044db00       _LinnumQueue
0044db00       __End_YI
0044db08       _ModuleInfo
0044dd30       _jmpenv
0044dd64       _Parse_Pass
0044dd68s      _saved_StdAssumeTable
0044dde8s      _saved_SegAssumeTable
0044de18s      _saved_StdTypeInfo
0044ded8s      _stdsym
0044df18       _SegAssumeTable
0044df48       _StdAssumeTable
0044dfc8s      _OptValue
0044dfccs      _OptName
0044dfd0s      _cmdbuffers
0044e00cs      _cmdsave
0044e048s      _CRC32Table
0044e448s      _elseoccured
0044e44cs      _falseblocknestlevel
0044e450s      _blocknestlevel
0044e454       _CurrIfState
0044e458s      _sym_CodeSize
0044e45cs      _sym_Model
0044e460       _sym_Cpu
0044e464s      _sym_DataSize
0044e468       _sym_Interface
0044e48c       _MacroLocals
0044e490s      _nullstruct
0044e494s      _fnEmitErr
0044e498s      _nullmbr
0044e49cs      _thissym
0044e4a0s      _ListStore
0044e4a8s      _modstate
0044e630s      _LineStore
0044e638s      _ListStoreCurr
0044e63c       _LineStoreCurr
0044e640s      _ReqSavedState
0044e641       _UseSavedState
0044e642       _StoreState
0044e644       _Frame_Datum
0044e646       _Frame_Type
0044e648       _commentbuffer
0044e64cs      _SrcFree
0044e650       _LineCur
0044e654       _FileCur
0044e658s      _srclinebuffer
0044e65c       _token_stringbuf
0044e660s      _size_vararg
0044e664s      _fcscratch
0044e668s      _lastLineNumber
0044e66cs      _dmyproc
0044e670s      _currfree
0044e674s      _pCurr
0044e678s      _pBase
0044e67cs      _SymDebSeg
0044e684s      _public_pos
0044e688s      _startitem
0044e68cs      _startext
0044e690s      _seg_pos
0044e694s      _end_of_header
0044e698       _LastCodeBufSize
0044e69cs      _ln_srcfile
0044e6a0s      _ln_size
0044e6a2s      _ln_is32
0044e6a8       _SymTables
0044e6d8       _SegOverride
0044e6dcs      _LastRegOverride
0044e6e0       _StackAdj
0044e6e4+      _StackAdjHigh
0044e6e8s      _unw_code
0044e8ecs      _unw_info
0044e8f0       _procidx
0044e8f4s      _ProcStack
0044e8f8       _sym_ReservedStack
0044e8fc       _CurrProc
0044e900s      _unw_segs_defined
0044e901       _ProcStatus
0044e902s      _endprolog_found
0044e964s      _resw_table
0044f0c0s      _codebuf
0044f4c0s      _SegStack
0044f510s      _stkindex
0044f514s      _saved_CurrSeg
0044f518s      _saved_stkindex
0044f51cs      _buffer_size
0044f520s      _saved_SegStack
0044f524s      _grpdefidx
0044f528       _symCurSeg
0044f52cs      _SegmNames
0044f548s      _lsym
0044f54cs      _gsym_table
00457270s      _gsym
00457274s      _lsym_table
00457470s      _szTime
0045747cs      _szDate
00457488s      _SymCount
0045748cs      _symPC
00457490       _SymCmpFunc
00457494s      _redef_struct
00457498       _CurrStruct
0045749c       __argc
004574a0       __argv
004574a4       ___argc
004574a8       ___argv
004574ac+      ___RmTmpFileFn
004574b0s      _init_milliseconds
004574b4       ___OpenStreams
004574b8       ___ClosedStreams
004574bc       ___MiniHeapFreeRover
004574c0s      __wcmd_ptr
004574c4s      __cmd_ptr
004574c8       ___Is_DLL
00457ae4       ___env_mask
00457ae8       __wenviron
00457aec       _environ
00457af0*      _sw
00457af4+      ___ReportInvoked
00457af5+      ___ExceptionHandled
00457af8s      ___CmdLine
00457afcs      __free_ep
00457b00       ___MBCSIsTable
00457c04       ___historical_splitparms
00457c08       ____Argc
00457c0c       ____Argv
00457c1cs      __init_NFiles


                        +----------------------+
                        |   Imported Symbols   |
                        +----------------------+

Symbol                              Module
======                              ======

_RtlUnwind@16                       KERNEL32.DLL
_VirtualFree@12                     KERNEL32.DLL
_VirtualAlloc@16                    KERNEL32.DLL
_SetConsoleCtrlHandler@8            KERNEL32.DLL
_FindClose@4                        KERNEL32.DLL
_GetTickCount@0                     KERNEL32.DLL
_SetFilePointer@16                  KERNEL32.DLL
_GetLastError@0                     KERNEL32.DLL
_SetEndOfFile@4                     KERNEL32.DLL
_GetVersion@0                       KERNEL32.DLL
_GetModuleHandleA@4                 KERNEL32.DLL
_GetProcAddress@8                   KERNEL32.DLL
_GetModuleFileNameA@12              KERNEL32.DLL
_GetCommandLineA@0                  KERNEL32.DLL
_GetCommandLineW@0                  KERNEL32.DLL
_ExitProcess@4                      KERNEL32.DLL
_LoadLibraryA@4                     KERNEL32.DLL
_GetStdHandle@4                     KERNEL32.DLL
_WriteFile@20                       KERNEL32.DLL
_SetUnhandledExceptionFilter@4      KERNEL32.DLL
_UnhandledExceptionFilter@4         KERNEL32.DLL
_FindFirstFileA@8                   KERNEL32.DLL
_FindNextFileA@8                    KERNEL32.DLL
_CreateFileA@28                     KERNEL32.DLL
_CloseHandle@4                      KERNEL32.DLL
_DeleteFileA@4                      KERNEL32.DLL
_GetLocalTime@4                     KERNEL32.DLL
_ReadFile@20                        KERNEL32.DLL
_GetTimeZoneInformation@4           KERNEL32.DLL
_GetFileType@4                      KERNEL32.DLL
_GetDriveTypeA@4                    KERNEL32.DLL
_SetStdHandle@8                     KERNEL32.DLL
_CreateEventA@16                    KERNEL32.DLL
_GetModuleFileNameW@12              KERNEL32.DLL
_MultiByteToWideChar@24             KERNEL32.DLL
_VirtualQuery@12                    KERNEL32.DLL
_GetCurrentThreadId@0               KERNEL32.DLL
_FlushFileBuffers@4                 KERNEL32.DLL
_ReadConsoleInputA@16               KERNEL32.DLL
_GetConsoleMode@8                   KERNEL32.DLL
_SetConsoleMode@8                   KERNEL32.DLL
_WriteConsoleA@20                   KERNEL32.DLL
_WideCharToMultiByte@32             KERNEL32.DLL
_GetCurrentDirectoryA@8             KERNEL32.DLL
_GetFullPathNameA@16                KERNEL32.DLL
_GetACP@0                           KERNEL32.DLL
_GetOEMCP@0                         KERNEL32.DLL
_GetCPInfo@8                        KERNEL32.DLL
_SetEnvironmentVariableA@8          KERNEL32.DLL


                        +--------------------+
                        |   Libraries Used   |
                        +--------------------+

\Watcom\lib386\nt\kernel32.lib
\Watcom\lib386\nt\clib3r.lib
\Watcom\lib386\math387r.lib


                        +-----------------------+
                        |   Linker Statistics   |
                        +-----------------------+

Stack size:  00040000 (262144.)
Memory size:  00055502 (349442.)
Entry point address: 00431c38
Link time: 00:00.15
